[16:34:57] [Thread-3/INFO]: [STDOUT]: SERVER enter state: DORMANT
[16:34:57] [EnvServerSocketHandler/INFO]: Received Mission token b4b5c091-f474-4d5f-bd40-a74f40054c96:0:0:1:true:0
[16:34:57] [EnvServerSocketHandler/INFO]: Received mission init command  <MissionInit xmlns="http://ProjectMalmo.microsoft.com" xmlns:xsi="http://www.w3.org/2001/XMLSchema-instance" SchemaVersion="" PlatformVersion="0.37.0"><Mission><About><Summary>ObsidianLinkPortalA0-v0</Summary></About><ModSettings><MsPerTick>50</MsPerTick></ModSettings><ServerSection><ServerInitialConditions><Time><StartTime>6000</StartTime><AllowPassageOfTime>false</AllowPassageOfTime></Time><Weather>clear</Weather><AllowSpawning>false</AllowSpawning></ServerInitialConditions><ServerHandlers><FlatWorldGenerator forceReset="true" generatorString=""/><DrawingDecorator><DrawBlock type="obsidian" x="-1" y="3" z="1"/><DrawBlock type="obsidian" x="-1" y="4" z="1"/><DrawBlock type="obsidian" x="-1" y="5" z="1"/><DrawBlock type="obsidian" x="-1" y="6" z="1"/><DrawBlock type="obsidian" x="-1" y="7" z="1"/><DrawBlock type="obsidian" x="0" y="3" z="1"/><DrawBlock type="obsidian" x="0" y="7" z="1"/><DrawBlock type="obsidian" x="1" y="3" z="1"/><DrawBlock type="obsidian" x="1" y="7" z="1"/><DrawBlock type="obsidian" x="2" y="3" z="1"/><DrawBlock type="obsidian" x="2" y="4" z="1"/><DrawBlock type="obsidian" x="2" y="5" z="1"/><DrawBlock type="obsidian" x="2" y="6" z="1"/><DrawBlock type="obsidian" x="2" y="7" z="1"/></DrawingDecorator><ServerQuitFromTimeUp timeLimitMs="30000" description="out_of_time"/><ServerQuitWhenAnyAgentFinishes/></ServerHandlers></ServerSection><AgentSection mode="Survival"><Name>MineRLAgent0</Name><AgentStart><LowLevelInputs>true</LowLevelInputs><GuiScale>1.0</GuiScale><GammaSetting>2.0</GammaSetting><FOVSetting>70.0</FOVSetting><FakeCursorSize>16</FakeCursorSize><Inventory><InventoryObject slot="0" type="flint_and_steel" quantity="1"/></Inventory><Placement x="0.5" y="4.0" z="0.5" yaw="0.0" pitch="60.0"/></AgentStart><AgentHandlers><FileBasedPerformanceProducer/><PauseCommand/><VideoProducer want_depth="false"><Width>640</Width><Height>360</Height></VideoProducer><ObservationFromFullInventory flat="false"/><ObservationFromEquippedItem/><ObservationFromFullStats/><ObservationFromFullStats/><ObservationFromGrid><Grid name="portal_build_region" atSpawn="true"><min x="-3" y="-1" z="0"/><max x="4" y="5" z="6"/></Grid></ObservationFromGrid><HumanLevelCommands/><CameraCommands/><IsGuiOpen/></AgentHandlers></AgentSection></Mission><ExperimentUID>b4b5c091-f474-4d5f-bd40-a74f40054c96</ExperimentUID><ClientRole>0</ClientRole><ClientAgentConnection><ClientIPAddress>127.0.0.1</ClientIPAddress><ClientMissionControlPort>0</ClientMissionControlPort><ClientCommandsPort>0</ClientCommandsPort><AgentIPAddress>127.0.0.1</AgentIPAddress><AgentMissionControlPort>0</AgentMissionControlPort><AgentVideoPort>0</AgentVideoPort><AgentDepthPort>0</AgentDepthPort><AgentLuminancePort>0</AgentLuminancePort><AgentObservationsPort>0</AgentObservationsPort><AgentRewardsPort>0</AgentRewardsPort><AgentColourMapPort>0</AgentColourMapPort></ClientAgentConnection></MissionInit>
[16:34:58] [EnvServerSocketHandler/INFO]: [STDOUT]: Setting width, height to 640, 360
[16:34:58] [EnvServerSocketHandler/INFO]: [STDOUT]: Gamma: 2.0
[16:34:58] [EnvServerSocketHandler/INFO]: [STDOUT]: FOV: 70.0
[16:34:58] [EnvServerSocketHandler/INFO]: [STDOUT]: GuiScale: 1.0
[16:34:58] [Render thread/WARN]: Ambiguity between arguments [teleport, destination] and [teleport, targets] with inputs: [Player, 0123, @e, dd12be42-52a9-4a91-a8a1-11c01849e498]
[16:34:58] [Render thread/WARN]: Ambiguity between arguments [teleport, location] and [teleport, destination] with inputs: [0.1 -0.5 .9, 0 0 0]
[16:34:58] [Render thread/WARN]: Ambiguity between arguments [teleport, location] and [teleport, targets] with inputs: [0.1 -0.5 .9, 0 0 0]
[16:34:58] [Render thread/WARN]: Ambiguity between arguments [teleport, targets] and [teleport, destination] with inputs: [Player, 0123, dd12be42-52a9-4a91-a8a1-11c01849e498]
[16:34:58] [Render thread/WARN]: Ambiguity between arguments [teleport, targets, location] and [teleport, targets, destination] with inputs: [0.1 -0.5 .9, 0 0 0]
[16:34:58] [Render thread/INFO]: Reloading ResourceManager: Default
[16:34:58] [Render thread/INFO]: Loaded 7 recipes
[16:34:58] [Render thread/INFO]: Loaded 927 advancements
[16:34:59] [Render thread/INFO]: Environment: authHost='https://authserver.mojang.com', accountsHost='https://api.mojang.com', sessionHost='https://sessionserver.mojang.com', servicesHost='https://api.minecraftservices.com', name='PROD'
[16:34:59] [Render thread/INFO]: Starting integrated minecraft server version 1.16.5
[16:34:59] [Render thread/INFO]: Generating keypair
[16:35:00] [Render thread/INFO]: Preparing start region for dimension minecraft:overworld
[16:35:03] [Render thread/INFO]: Changing view distance to 11, from 10
[16:35:03] [Render thread/INFO]: MineRLAgent0[local:E:58b2848b] logged in with entity id 92 at (-893.5, 63.0, -501.5)
[16:35:03] [Render thread/INFO]: MineRLAgent0 joined the game
[16:35:03] [Render thread/INFO]: [STDOUT]: *** creating fake mouse cursor ***
[16:35:03] [Render thread/INFO]: Preparing spawn area: 0%
[16:35:03] [Render thread/INFO]: Time elapsed: 2 ms
[16:35:03] [Render thread/INFO]: [STDOUT]: Starting new video null
[16:35:03] [Render thread/INFO]: Loaded 0 advancements
[16:35:05] [EnvServerSocketHandler/INFO]: [STDOUT]: custom.time_since_rest
[16:35:05] [EnvServerSocketHandler/INFO]: [STDOUT]: custom.play_one_minute
[16:35:05] [EnvServerSocketHandler/INFO]: [STDOUT]: custom.time_since_death
[16:35:05] [EnvServerSocketHandler/INFO]: [STDOUT]: custom.time_since_rest
[16:35:05] [EnvServerSocketHandler/INFO]: [STDOUT]: custom.play_one_minute
[16:35:05] [EnvServerSocketHandler/INFO]: [STDOUT]: custom.time_since_death
[16:35:06] [EnvServerSocketHandler/INFO]: [STDOUT]: *** Stopping the replay, returning control to the inputs
