[01:58:40] [Render thread/INFO]: Environment: authHost='https://authserver.mojang.com', accountsHost='https://api.mojang.com', sessionHost='https://sessionserver.mojang.com', servicesHost='https://api.minecraftservices.com', name='PROD'
[01:58:42] [Render thread/INFO]: Setting user: Player935
[01:58:42] [Render thread/INFO]: Backend library: LWJGL version 3.3.1 SNAPSHOT
[01:58:43] [Render thread/ERROR]: Error while loading the narrator : java.lang.UnsatisfiedLinkError: /private/var/folders/51/hgn9x4s96kx9dcdpdq9v98840000gn/T/jna-3267769/jna3551189905350286036.tmp: dlopen(/private/var/folders/51/hgn9x4s96kx9dcdpdq9v98840000gn/T/jna-3267769/jna3551189905350286036.tmp, 0x0001): tried: '/private/var/folders/51/hgn9x4s96kx9dcdpdq9v98840000gn/T/jna-3267769/jna3551189905350286036.tmp' (fat file, but missing compatible architecture (have 'i386,x86_64', need 'arm64e' or 'arm64e.v1' or 'arm64' or 'arm64')), '/System/Volumes/Preboot/Cryptexes/OS/private/var/folders/51/hgn9x4s96kx9dcdpdq9v98840000gn/T/jna-3267769/jna3551189905350286036.tmp' (no such file), '/private/var/folders/51/hgn9x4s96kx9dcdpdq9v98840000gn/T/jna-3267769/jna3551189905350286036.tmp' (fat file, but missing compatible architecture (have 'i386,x86_64', need 'arm64e' or 'arm64e.v1' or 'arm64' or 'arm64'))
[01:58:43] [Render thread/INFO]: Reloading ResourceManager: Default
[01:58:43] [Realms Notification Availability checker #1/INFO]: Could not authorize you against Realms server: java.lang.RuntimeException: Failed to parse into SignedJWT: null
[01:58:44] [Render thread/INFO]: Sound engine disabled for ObsidianLink environment runtime
[01:58:44] [Render thread/INFO]: Created: 1024x1024x4 minecraft:textures/atlas/blocks.png-atlas
[01:58:44] [Render thread/INFO]: Created: 256x128x4 minecraft:textures/atlas/signs.png-atlas
[01:58:44] [Render thread/INFO]: Created: 1024x512x4 minecraft:textures/atlas/banner_patterns.png-atlas
[01:58:44] [Render thread/INFO]: Created: 1024x512x4 minecraft:textures/atlas/shield_patterns.png-atlas
[01:58:44] [Render thread/INFO]: Created: 256x256x4 minecraft:textures/atlas/chest.png-atlas
[01:58:44] [Render thread/INFO]: Created: 512x256x4 minecraft:textures/atlas/beds.png-atlas
[01:58:44] [Render thread/INFO]: Created: 512x256x4 minecraft:textures/atlas/shulker_boxes.png-atlas
[01:58:45] [Render thread/INFO]: Created: 256x256x0 minecraft:textures/atlas/particles.png-atlas
[01:58:45] [Render thread/INFO]: Created: 256x256x0 minecraft:textures/atlas/paintings.png-atlas
[01:58:45] [Render thread/INFO]: Created: 256x128x0 minecraft:textures/atlas/mob_effects.png-atlas
[01:58:46] [Thread-3/INFO]: [STDOUT]: ***** Start MalmoEnvServer on port 9866
[01:58:46] [Thread-3/INFO]: [STDOUT]: CLIENT enter state: DORMANT
[01:58:46] [Thread-3/INFO]: [STDOUT]: SERVER enter state: DORMANT
[01:58:46] [EnvServerSocketHandler/INFO]: Received Mission token 518601c8-4edf-4435-ab13-62e873a40e63:0:0:1:true:0
[01:58:46] [EnvServerSocketHandler/INFO]: Received mission init command  <MissionInit xmlns="http://ProjectMalmo.microsoft.com" xmlns:xsi="http://www.w3.org/2001/XMLSchema-instance" SchemaVersion="" PlatformVersion="0.37.0"><Mission><About><Summary>ObsidianLinkPortalA0-v0</Summary></About><ModSettings><MsPerTick>50</MsPerTick></ModSettings><ServerSection><ServerInitialConditions><Time><StartTime>6000</StartTime><AllowPassageOfTime>false</AllowPassageOfTime></Time><Weather>clear</Weather><AllowSpawning>false</AllowSpawning></ServerInitialConditions><ServerHandlers><FlatWorldGenerator forceReset="true" generatorString=""/><DrawingDecorator><DrawBlock type="obsidian" x="-1" y="3" z="1"/><DrawBlock type="obsidian" x="-1" y="4" z="1"/><DrawBlock type="obsidian" x="-1" y="5" z="1"/><DrawBlock type="obsidian" x="-1" y="6" z="1"/><DrawBlock type="obsidian" x="-1" y="7" z="1"/><DrawBlock type="obsidian" x="0" y="3" z="1"/><DrawBlock type="obsidian" x="0" y="7" z="1"/><DrawBlock type="obsidian" x="1" y="3" z="1"/><DrawBlock type="obsidian" x="1" y="7" z="1"/><DrawBlock type="obsidian" x="2" y="3" z="1"/><DrawBlock type="obsidian" x="2" y="4" z="1"/><DrawBlock type="obsidian" x="2" y="5" z="1"/><DrawBlock type="obsidian" x="2" y="6" z="1"/><DrawBlock type="obsidian" x="2" y="7" z="1"/></DrawingDecorator><ServerQuitFromTimeUp timeLimitMs="30000" description="out_of_time"/><ServerQuitWhenAnyAgentFinishes/></ServerHandlers></ServerSection><AgentSection mode="Survival"><Name>MineRLAgent0</Name><AgentStart><LowLevelInputs>true</LowLevelInputs><GuiScale>1.0</GuiScale><GammaSetting>2.0</GammaSetting><FOVSetting>70.0</FOVSetting><FakeCursorSize>16</FakeCursorSize><Inventory><InventoryObject slot="0" type="flint_and_steel" quantity="1"/></Inventory><Placement x="0.5" y="4.0" z="0.5" yaw="0.0" pitch="60.0"/></AgentStart><AgentHandlers><FileBasedPerformanceProducer/><PauseCommand/><VideoProducer want_depth="false"><Width>640</Width><Height>360</Height></VideoProducer><ObservationFromFullInventory flat="false"/><ObservationFromEquippedItem/><ObservationFromFullStats/><ObservationFromFullStats/><ObservationFromGrid><Grid name="portal_build_region" atSpawn="true"><min x="-3" y="-1" z="0"/><max x="4" y="5" z="6"/></Grid></ObservationFromGrid><HumanLevelCommands/><CameraCommands/><IsGuiOpen/></AgentHandlers></AgentSection></Mission><ExperimentUID>518601c8-4edf-4435-ab13-62e873a40e63</ExperimentUID><ClientRole>0</ClientRole><ClientAgentConnection><ClientIPAddress>127.0.0.1</ClientIPAddress><ClientMissionControlPort>0</ClientMissionControlPort><ClientCommandsPort>0</ClientCommandsPort><AgentIPAddress>127.0.0.1</AgentIPAddress><AgentMissionControlPort>0</AgentMissionControlPort><AgentVideoPort>0</AgentVideoPort><AgentDepthPort>0</AgentDepthPort><AgentLuminancePort>0</AgentLuminancePort><AgentObservationsPort>0</AgentObservationsPort><AgentRewardsPort>0</AgentRewardsPort><AgentColourMapPort>0</AgentColourMapPort></ClientAgentConnection></MissionInit>
[01:58:46] [EnvServerSocketHandler/INFO]: [STDOUT]: Setting width, height to 640, 360
[01:58:46] [EnvServerSocketHandler/INFO]: [STDOUT]: Gamma: 2.0
[01:58:46] [EnvServerSocketHandler/INFO]: [STDOUT]: FOV: 70.0
[01:58:46] [EnvServerSocketHandler/INFO]: [STDOUT]: GuiScale: 1.0
[01:58:46] [Render thread/WARN]: Ambiguity between arguments [teleport, destination] and [teleport, targets] with inputs: [Player, 0123, @e, dd12be42-52a9-4a91-a8a1-11c01849e498]
[01:58:46] [Render thread/WARN]: Ambiguity between arguments [teleport, location] and [teleport, destination] with inputs: [0.1 -0.5 .9, 0 0 0]
[01:58:47] [Render thread/WARN]: Ambiguity between arguments [teleport, location] and [teleport, targets] with inputs: [0.1 -0.5 .9, 0 0 0]
[01:58:47] [Render thread/WARN]: Ambiguity between arguments [teleport, targets] and [teleport, destination] with inputs: [Player, 0123, dd12be42-52a9-4a91-a8a1-11c01849e498]
[01:58:47] [Render thread/WARN]: Ambiguity between arguments [teleport, targets, location] and [teleport, targets, destination] with inputs: [0.1 -0.5 .9, 0 0 0]
[01:58:47] [Render thread/INFO]: Reloading ResourceManager: Default
[01:58:47] [Render thread/INFO]: Loaded 7 recipes
[01:58:47] [Render thread/INFO]: Loaded 927 advancements
[01:58:47] [Render thread/INFO]: Environment: authHost='https://authserver.mojang.com', accountsHost='https://api.mojang.com', sessionHost='https://sessionserver.mojang.com', servicesHost='https://api.minecraftservices.com', name='PROD'
[01:58:47] [Render thread/INFO]: Starting integrated minecraft server version 1.16.5
[01:58:47] [Render thread/INFO]: Generating keypair
[01:58:48] [Render thread/INFO]: Preparing start region for dimension minecraft:overworld
[01:58:51] [Render thread/INFO]: Changing view distance to 11, from 10
[01:58:51] [Render thread/INFO]: MineRLAgent0[local:E:6f8ed75e] logged in with entity id 94 at (-893.5, 63.0, -501.5)
[01:58:51] [Render thread/INFO]: MineRLAgent0 joined the game
[01:58:51] [Render thread/INFO]: [STDOUT]: *** creating fake mouse cursor ***
[01:58:51] [Render thread/INFO]: Preparing spawn area: 0%
[01:58:51] [Render thread/INFO]: Time elapsed: 3 ms
[01:58:51] [Render thread/INFO]: [STDOUT]: Starting new video null
[01:58:51] [Render thread/INFO]: Saving and pausing game...
[01:58:51] [Render thread/INFO]: Saving chunks for level 'ServerLevel[mcpworldb346c19d3570]'/minecraft:overworld
[01:58:51] [Render thread/INFO]: Saving chunks for level 'ServerLevel[mcpworldb346c19d3570]'/minecraft:the_nether
[01:58:51] [Render thread/INFO]: Saving chunks for level 'ServerLevel[mcpworldb346c19d3570]'/minecraft:the_end
[01:58:52] [Render thread/INFO]: Loaded 0 advancements
[01:59:23] [EnvServerSocketHandler/ERROR]: Error while processing commands
java.lang.IllegalStateException: flint_and_steel server-thread marshal timed out
	at com.minerl.multiagent.env.EnvServer.awaitMarshaledFlintAndSteelUse(EnvServer.java:1016) ~[mcprec-6.13.jar:?]
	at com.minerl.multiagent.env.EnvServer.marshalFlintAndSteelUseToServerThread(EnvServer.java:1002) ~[mcprec-6.13.jar:?]
	at com.minerl.multiagent.env.EnvServer.execActions(EnvServer.java:923) ~[mcprec-6.13.jar:?]
	at com.minerl.multiagent.env.EnvServer.stepClient(EnvServer.java:767) ~[mcprec-6.13.jar:?]
	at com.minerl.multiagent.env.EnvServer.access$200(EnvServer.java:63) ~[mcprec-6.13.jar:?]
	at com.minerl.multiagent.env.EnvServer$1.run(EnvServer.java:132) [mcprec-6.13.jar:?]
Caused by: java.util.concurrent.TimeoutException
	at java.util.concurrent.CompletableFuture.timedGet(CompletableFuture.java:1784) ~[?:1.8.0_472]
	at java.util.concurrent.CompletableFuture.get(CompletableFuture.java:1928) ~[?:1.8.0_472]
	at com.minerl.multiagent.env.EnvServer.awaitMarshaledFlintAndSteelUse(EnvServer.java:1013) ~[mcprec-6.13.jar:?]
	... 5 more
[01:59:24] [EnvServerSocketHandler/INFO]: [STDOUT]: *** Stopping the replay, returning control to the inputs
[01:59:24] [Render thread/INFO]: Stopping!
[01:59:24] [Worker-Main-23/ERROR]: Cound not schedule mailbox
java.util.concurrent.RejectedExecutionException: null
	at java.util.concurrent.ForkJoinPool.externalSubmit(ForkJoinPool.java:2328) ~[?:1.8.0_472]
	at java.util.concurrent.ForkJoinPool.externalPush(ForkJoinPool.java:2419) ~[?:1.8.0_472]
	at java.util.concurrent.ForkJoinPool.execute(ForkJoinPool.java:2648) ~[?:1.8.0_472]
	at net.minecraft.util.concurrent.DelegatedTaskExecutor.reschedule(DelegatedTaskExecutor.java:121) ~[mcprec-6.13.jar:?]
	at net.minecraft.util.concurrent.DelegatedTaskExecutor.enqueue(DelegatedTaskExecutor.java:112) ~[mcprec-6.13.jar:?]
	at net.minecraft.world.chunk.ChunkTaskPriorityQueueSorter.func_219078_a(ChunkTaskPriorityQueueSorter.java:118) ~[mcprec-6.13.jar:?]
	at net.minecraft.world.chunk.ChunkTaskPriorityQueueSorter.lambda$null$15(ChunkTaskPriorityQueueSorter.java:129) ~[mcprec-6.13.jar:?]
	at java.util.concurrent.CompletableFuture.uniAccept(CompletableFuture.java:670) ~[?:1.8.0_472]
	at java.util.concurrent.CompletableFuture$UniAccept.tryFire(CompletableFuture.java:646) ~[?:1.8.0_472]
	at java.util.concurrent.CompletableFuture.postComplete(CompletableFuture.java:488) ~[?:1.8.0_472]
	at java.util.concurrent.CompletableFuture.complete(CompletableFuture.java:1975) ~[?:1.8.0_472]
	at net.minecraft.util.concurrent.ITaskExecutor$1.enqueue(ITaskExecutor.java:40) ~[mcprec-6.13.jar:?]
	at net.minecraft.world.chunk.ChunkTaskPriorityQueueSorter.lambda$null$1(ChunkTaskPriorityQueueSorter.java:45) ~[mcprec-6.13.jar:?]
	at net.minecraft.util.concurrent.DelegatedTaskExecutor.driveOne(DelegatedTaskExecutor.java:88) [mcprec-6.13.jar:?]
	at net.minecraft.util.concurrent.DelegatedTaskExecutor.driveWhile(DelegatedTaskExecutor.java:132) [mcprec-6.13.jar:?]
	at net.minecraft.util.concurrent.DelegatedTaskExecutor.run(DelegatedTaskExecutor.java:100) [mcprec-6.13.jar:?]
	at java.util.concurrent.ForkJoinTask$RunnableExecuteAction.exec(ForkJoinTask.java:1402) [?:1.8.0_472]
	at java.util.concurrent.ForkJoinTask.doExec(ForkJoinTask.java:289) [?:1.8.0_472]
	at java.util.concurrent.ForkJoinPool$WorkQueue.runTask(ForkJoinPool.java:1056) [?:1.8.0_472]
	at java.util.concurrent.ForkJoinPool.runWorker(ForkJoinPool.java:1692) [?:1.8.0_472]
	at java.util.concurrent.ForkJoinWorkerThread.run(ForkJoinWorkerThread.java:175) [?:1.8.0_472]
